[canlis.com/index.html]
[backblue.gif]
[fade.gif]
[index.html]
[canlis.com/uploads/kevin1-db615c.jpg]
[canlis.com/uploads/master486c.js]
[canlis.com/uploads/exteriorr.jpg]
[canlis.com/menu/index.html]
[canlis.com/wine/index.html]
[canlis.com/story/index.html]
[canlis.com/uploads/anthea1.jpg]
[canlis.com/lounge/index.html]
[canlis.com/careers/index.html]
[canlis.com/uploads/hally.mp4]
[canlis.com/uploads/sammy.mp4]
[canlis.com/uploads/pork-6ba986.jpg]
[canlis.com/uploads/matt.jpg]
[canlis.com/private-events/index.html]
[canlis.com/uploads/james.jpg]
[canlis.com/uploads/mocktails.jpg]
[canlis.com/reservations.html]
[canlis.com/index.html]
[canlis.com/uploads/GT-Sectra-Display-Light.eot]
[canlis.com/uploads/GT-Sectra-Display-Light.woff]
[canlis.com/uploads/GT-Sectra-Display-Light.ttf]
[canlis.com/uploads/GT-Sectra-Display-Light-Italic.eot]
[canlis.com/uploads/GT-Sectra-Display-Light-Italic.woff]
[canlis.com/uploads/GT-Sectra-Display-Light-Italic.ttf]
[canlis.com/uploads/GT-Sectra-Book.eot]
[canlis.com/uploads/GT-Sectra-Book.woff]
[canlis.com/uploads/GT-Sectra-Book.ttf]
[canlis.com/uploads/GT-Sectra-Book-Italic.eot]
[canlis.com/uploads/GT-Sectra-Book-Italic.woff]
[canlis.com/uploads/GT-Sectra-Book-Italic.ttf]
[canlis.com/uploads/OGJTypeDesignSequel100Wide85.eot]
[canlis.com/uploads/OGJTypeDesignSequel100Wide85.woff2]
[canlis.com/uploads/OGJTypeDesignSequel100Wide85.woff]
[canlis.com/uploads/OGJTypeDesignSequel100Wide85.ttf]
[canlis.com/uploads/futuramaxicgbold.eot]
[canlis.com/uploads/futuramaxicgbold.woff2]
[canlis.com/uploads/futuramaxicgbold.woff]
[canlis.com/uploads/futuramaxicgbold.ttf]
[canlis.com/uploads/PinewoodgmE1.eot]
[canlis.com/uploads/PinewoodgmE1.woff2]
[canlis.com/uploads/PinewoodgmE1.woff]
[canlis.com/uploads/PinewoodgmE1.ttf]
[canlis.com/uploads/HoboStd.eot]
[canlis.com/uploads/HoboStd.woff2]
[canlis.com/uploads/HoboStd.woff]
[canlis.com/uploads/HoboStd.ttf]
[canlis.com/uploads/HelveticaNeueMedium_22555.eot]
[canlis.com/uploads/HelveticaNeueMedium_22555.woff2]
[canlis.com/uploads/HelveticaNeueMedium_22555.woff]
[canlis.com/uploads/HelveticaNeueMedium_22555.ttf]
[canlis.com/uploads/sk8r.gif]
[canlis.com/uploads/camp-eagle.gif]
[canlis.com/uploads/boom.gif]
[canlis.com/uploads/master486c.css]
[canlis.com/uploads/_favicon/apple-icon-57x57.html]
[canlis.com/uploads/_favicon/apple-icon-60x60.html]
[canlis.com/uploads/_favicon/apple-icon-72x72.html]
[canlis.com/uploads/_favicon/apple-icon-76x76.html]
[canlis.com/uploads/_favicon/apple-icon-114x114.html]
[canlis.com/uploads/_favicon/apple-icon-120x120.html]
[canlis.com/uploads/_favicon/apple-icon-144x144.html]
[canlis.com/uploads/_favicon/apple-icon-152x152.html]
[canlis.com/uploads/_favicon/apple-icon-180x180.html]
[canlis.com/uploads/_favicon/android-icon-192x192.html]
[canlis.com/uploads/_favicon/favicon-32x32.html]
[canlis.com/uploads/_favicon/favicon-96x96.html]
[canlis.com/uploads/_favicon/favicon-16x16.html]
[canlis.com/uploads/_favicon/manifest.html]
[canlis.com/uploads/pork.jpg]
[canlis.com/menu/index.html]
[canlis.com/uploads/Seattle_Outside.jpg]
[canlis.com/uploads/Peter_Phone.jpg]
[canlis.com/uploads/Peter_Plane.jpg]
[canlis.com/uploads/Broiler_Door.png]
[canlis.com/uploads/Broiler_Patio.png]
[canlis.com/uploads/120817094432-restaurants-canlis.jpg]
[canlis.com/uploads/Screen Shot 2019-06-04 at 10.58.53 AM.png]
[canlis.com/uploads/Screen Shot 2019-06-04 at 10.58.44 AM.png]
[canlis.com/uploads/Alice_Smiling.jpg]
[canlis.com/uploads/markbrian.png]
[canlis.com/uploads/beardd.jpg]
[canlis.com/uploads/Screenshot 2025-12-29 at 11.08.12 PM.png]
[canlis.com/uploads/Artboard Copy 7.jpg]
[canlis.com/uploads/markdas.jpg]
[canlis.com/uploads/pensivestare.jpg]
[canlis.com/uploads/Artboard Copy 2.jpg]
[canlis.com/uploads/slow.jpg]
[canlis.com/uploads/KOMOgrid.jpg]
[canlis.com/uploads/Artboard Copy 8.jpg]
[canlis.com/uploads/markkk.jpg]
[canlis.com/story/index.html]
[canlis.com/uploads/FE3A012F-CC03-4EA2-A07B-3DE7BA6A3B45.jpg]
[canlis.com/uploads/wine2.jpg]
[canlis.com/uploads/winelist.pdf]
[canlis.com/wine/index.html]
[canlis.com/uploads/lounge_00002.jpg]
[canlis.com/uploads/barmenu.pdf]
[canlis.com/uploads/lounge_00005.jpg]
[canlis.com/uploads/lounge_00004.jpg]
[canlis.com/uploads/lounge_00003.jpg]
[canlis.com/uploads/lounge_00006.jpg]
[canlis.com/uploads/lounge_00007.jpg]
[canlis.com/uploads/lounge_00001.jpg]
[canlis.com/lounge/index.html]
[canlis.com/uploads/120036678_100910721761950_1280251195107471695_n.jpg]
[canlis.com/uploads/careersphoto_01.jpg]
[canlis.com/uploads/careersphoto_02.jpg]
[canlis.com/uploads/truck.jpg]
[canlis.com/uploads/careersphoto_05.jpg]
[canlis.com/careers/index.html]
[canlis.com/uploads/slide.jpg]
[giftcards.canlis.com/_favicon/apple-icon-57x57.png]
[giftcards.canlis.com/_favicon/apple-icon-60x60.png]
[giftcards.canlis.com/_favicon/apple-icon-72x72.png]
[giftcards.canlis.com/_favicon/apple-icon-76x76.png]
[giftcards.canlis.com/_favicon/apple-icon-114x114.png]
[giftcards.canlis.com/_favicon/apple-icon-120x120.png]
[giftcards.canlis.com/_favicon/apple-icon-144x144.png]
[giftcards.canlis.com/_favicon/apple-icon-152x152.png]
[giftcards.canlis.com/_favicon/apple-icon-180x180.png]
[giftcards.canlis.com/_favicon/android-icon-192x192.png]
[giftcards.canlis.com/_favicon/favicon-32x32.png]
[giftcards.canlis.com/_favicon/favicon-96x96.png]
[giftcards.canlis.com/_favicon/favicon-16x16.png]
[giftcards.canlis.com/_favicon/ms-icon-144x144.png]
[giftcards.canlis.com/jquery.validate.js]
[giftcards.canlis.com/index.html]
[giftcards.canlis.com/giftcard.js]
[canlis.com/uploads/kevin.jpg]
[canlis.com/uploads/theview.jpg]
[canlis.com/uploads/7A9C119C-A261-48D6-ABBE-9A94D7E42A41.jpg]
[canlis.com/uploads/pent_moon_1.jpg]
[canlis.com/uploads/hero_pent.jpg]
[canlis.com/uploads/pent_blue_3.jpg]
[canlis.com/uploads/wedding4.jpg]
[canlis.com/uploads/mingle2.jpg]
[canlis.com/uploads/moonrise_02.jpg]
[canlis.com/uploads/pent_food.jpg]
[canlis.com/uploads/pent_shades.jpg]
[canlis.com/uploads/canlis_privateevents.pdf]
[canlis.com/private-events/index.html]
[canlis.com/private-events/weddings/index.html]
[canlis.com/private-events/family-gatherings/index.html]
[canlis.com/uploads/relais2.svg]
[canlis.com/private-events/company-parties/index.html]
[canlis.com/reservations.html]
[canlis.com/uploads/ApercuMono.html]
[canlis.com/private-events/corporate-events/index.html]
[canlis.com/uploads/ApercuMono-2.html]
[canlis.com/uploads/ApercuMono-3.html]
[canlis.com/uploads/ApercuMono-4.html]
[canlis.com/uploads/OGJTypeDesignSequel100Wide85.svg]
[canlis.com/uploads/futuramaxicgbold.svg]
[canlis.com/uploads/PinewoodgmE1.svg]
[canlis.com/uploads/HoboStd.svg]
[canlis.com/uploads/HelveticaNeueMedium_22555.svg]
[canlis.com/uploads/canlis_logo_new.svg]
[canlis.com/uploads/canlis_logo_new_white.svg]
[canlis.com/uploads/socialicon_insta_light.svg]
[canlis.com/uploads/socialicon_insta.svg]
[canlis.com/uploads/84.html]
[canlis.com/uploads/canlislogo_light.svg]
[canlis.com/uploads/burst.svg]
[canlis.com/uploads/close.svg]
[canlis.com/private-events/the-penthouse/index.html]
[canlis.com/private-events/the-executive-room/index.html]
[giftcards.canlis.com/_fonts/GT-Sectra-Display-Light.woff]
[giftcards.canlis.com/_fonts/GT-Sectra-Display-Light.ttf]
[giftcards.canlis.com/_fonts/GT-Sectra-Book.woff]
[giftcards.canlis.com/_fonts/GT-Sectra-Book.ttf]
[giftcards.canlis.com/_fonts/ApercuMono.eot]
[giftcards.canlis.com/_fonts/ApercuMono.woff2]
[giftcards.canlis.com/_fonts/ApercuMono.woff]
[giftcards.canlis.com/_fonts/ApercuMono.ttf]
[giftcards.canlis.com/master.css]
[giftcards.canlis.com/giftcard.css]
[giftcards.canlis.com/_favicon/manifest.html]
[canlis.com/assets/master.html]
[canlis.com/uploads/hero_weddings.jpg]
[canlis.com/uploads/weddinghug.jpg]
[canlis.com/uploads/wedding2.jpg]
[canlis.com/uploads/wedding3.jpg]
[canlis.com/uploads/rounds.jpg]
[canlis.com/uploads/wedding5.jpg]
[canlis.com/uploads/cheers.jpg]
[canlis.com/private-events/weddings/index.html]
[canlis.com/uploads/hero_family.jpg]
[canlis.com/uploads/family1.jpg]
[canlis.com/uploads/family2.jpg]
[canlis.com/uploads/family3.jpg]
[canlis.com/private-events/family-gatherings/index.html]
[canlis.com/uploads/hero_company.jpg]
[canlis.com/uploads/company1.jpg]
[canlis.com/uploads/company2.jpg]
[canlis.com/private-events/company-parties/index.html]
[canlis.com/uploads/hero_corporate.jpg]
[canlis.com/uploads/corporate2.jpg]
[canlis.com/private-events/corporate-events/index.html]
[canlis.com/uploads/pent_bar.jpg]
[canlis.com/uploads/pent_moon_2.jpg]
[canlis.com/uploads/pent_blue_1.jpg]
[canlis.com/uploads/pent_blue_2.jpg]
[canlis.com/uploads/1973BD77-4765-407F-B444-1325E5D837B3.jpg]
[canlis.com/private-events/the-penthouse/index.html]
[canlis.com/uploads/floor_pent.jpg]
[canlis.com/uploads/kevin_exec.jpg]
[canlis.com/uploads/229EEFB8-AD56-4002-BFE3-FCBF3DA23C0D.jpg]
[canlis.com/uploads/D7496004-6F45-4EA3-B886-2B333BCB2A53.jpg]
[canlis.com/uploads/mingle1.jpg]
[canlis.com/uploads/floor_exec.jpg]
[canlis.com/private-events/the-executive-room/index.html]
[giftcards.canlis.com/_fonts/GT-Sectra-Display-Light.html]
[giftcards.canlis.com/_fonts/GT-Sectra-Display-Light-Italic.html]
[giftcards.canlis.com/_fonts/GT-Sectra-Display-Light-Italic-2.html]
[giftcards.canlis.com/_fonts/GT-Sectra-Display-Light-Italic-3.html]
[giftcards.canlis.com/_fonts/GT-Sectra-Book.html]
[giftcards.canlis.com/_fonts/GT-Sectra-Book-Italic.html]
[giftcards.canlis.com/_fonts/GT-Sectra-Book-Italic-2.html]
[giftcards.canlis.com/_fonts/GT-Sectra-Book-Italic-3.html]
[giftcards.canlis.com/_img/canlis_logo_new.html]
[giftcards.canlis.com/_img/canlis_logo_new_white.html]
[giftcards.canlis.com/assets/_img/socialicon_insta_light.html]
[giftcards.canlis.com/assets/_img/socialicon_insta.html]
[giftcards.canlis.com/uploads/exterior2.html]
[giftcards.canlis.com/uploads/84.html]
[giftcards.canlis.com/uploads/sk8r.html]
[giftcards.canlis.com/_img/canlislogo_light.html]
[giftcards.canlis.com/_img/check.svg]
[canlis.com/uploads/exec_window.html]
